[INFO] Scanning for projects...
[INFO] 
[INFO] --------------------< com.yeditepe:booking-service >--------------------
[INFO] Building booking-service 0.0.1-SNAPSHOT
[INFO]   from pom.xml
[INFO] --------------------------------[ jar ]---------------------------------
[INFO] 
[INFO] >>> spring-boot:3.2.0:run (default-cli) > test-compile @ booking-service >>>
[WARNING] The artifact mysql:mysql-connector-java:jar:8.0.33 has been relocated to com.mysql:mysql-connector-j:jar:8.0.33: MySQL Connector/J artifacts moved to reverse-DNS compliant Maven 2+ coordinates.
[INFO] 
[INFO] --- resources:3.3.1:resources (default-resources) @ booking-service ---
[INFO] Copying 1 resource from src/main/resources to target/classes
[INFO] 
[INFO] --- compiler:3.13.0:compile (default-compile) @ booking-service ---
[INFO] Recompiling the module because of changed source code.
[INFO] Compiling 28 source files with javac [debug target 17] to target/classes
[INFO] 
[INFO] --- resources:3.3.1:testResources (default-testResources) @ booking-service ---
[INFO] skip non existing resourceDirectory /Users/raufkutayakyildiz/Desktop/ıntellijWs/EventPlanner/booking-service/src/test/resources
[INFO] 
[INFO] --- compiler:3.13.0:testCompile (default-testCompile) @ booking-service ---
[INFO] Recompiling the module because of changed dependency.
[INFO] Compiling 1 source file with javac [debug target 17] to target/test-classes
[INFO] 
[INFO] <<< spring-boot:3.2.0:run (default-cli) < test-compile @ booking-service <<<
[INFO] 
[INFO] 
[INFO] --- spring-boot:3.2.0:run (default-cli) @ booking-service ---
[INFO] Attaching agents: []

  .   ____          _            __ _ _
 /\\ / ___'_ __ _ _(_)_ __  __ _ \ \ \ \
( ( )\___ | '_ | '_| | '_ \/ _` | \ \ \ \
 \\/  ___)| |_)| | | | | || (_| |  ) ) ) )
  '  |____| .__|_| |_|_| |_\__, | / / / /
 =========|_|==============|___/=/_/_/_/
 :: Spring Boot ::                (v3.2.0)

2026-01-05T14:53:37.265+03:00  INFO 80471 --- [booking-service] [           main] c.y.b.BookingServiceApplication          : Starting BookingServiceApplication using Java 17.0.15 with PID 80471 (/Users/raufkutayakyildiz/Desktop/ıntellijWs/EventPlanner/booking-service/target/classes started by raufkutayakyildiz in /Users/raufkutayakyildiz/Desktop/ıntellijWs/EventPlanner/booking-service)
2026-01-05T14:53:37.266+03:00  INFO 80471 --- [booking-service] [           main] c.y.b.BookingServiceApplication          : No active profile set, falling back to 1 default profile: "default"
2026-01-05T14:53:37.606+03:00  INFO 80471 --- [booking-service] [           main] .s.d.r.c.RepositoryConfigurationDelegate : Bootstrapping Spring Data JPA repositories in DEFAULT mode.
2026-01-05T14:53:37.670+03:00  INFO 80471 --- [booking-service] [           main] .s.d.r.c.RepositoryConfigurationDelegate : Finished Spring Data repository scanning in 61 ms. Found 1 JPA repository interface.
2026-01-05T14:53:37.791+03:00  INFO 80471 --- [booking-service] [           main] o.s.cloud.context.scope.GenericScope     : BeanFactory id=83c3cdb8-1e6f-3c84-8a78-be55a0150b34
2026-01-05T14:53:37.868+03:00  WARN 80471 --- [booking-service] [           main] trationDelegate$BeanPostProcessorChecker : Bean 'org.springframework.cloud.client.loadbalancer.LoadBalancerAutoConfiguration$RetryInterceptorAutoConfiguration' of type [org.springframework.cloud.client.loadbalancer.LoadBalancerAutoConfiguration$RetryInterceptorAutoConfiguration] is not eligible for getting processed by all BeanPostProcessors (for example: not eligible for auto-proxying). The currently created BeanPostProcessor [lbRestClientPostProcessor] is declared through a non-static factory method on that class; consider declaring it as static instead.
2026-01-05T14:53:37.869+03:00  WARN 80471 --- [booking-service] [           main] trationDelegate$BeanPostProcessorChecker : Bean 'org.springframework.cloud.loadbalancer.config.BlockingLoadBalancerClientAutoConfiguration' of type [org.springframework.cloud.loadbalancer.config.BlockingLoadBalancerClientAutoConfiguration] is not eligible for getting processed by all BeanPostProcessors (for example: not eligible for auto-proxying). Is this bean getting eagerly injected into a currently created BeanPostProcessor [lbRestClientPostProcessor]? Check the corresponding BeanPostProcessor declaration and its dependencies.
2026-01-05T14:53:37.870+03:00  WARN 80471 --- [booking-service] [           main] trationDelegate$BeanPostProcessorChecker : Bean 'org.springframework.cloud.loadbalancer.config.LoadBalancerAutoConfiguration' of type [org.springframework.cloud.loadbalancer.config.LoadBalancerAutoConfiguration] is not eligible for getting processed by all BeanPostProcessors (for example: not eligible for auto-proxying). Is this bean getting eagerly injected into a currently created BeanPostProcessor [lbRestClientPostProcessor]? Check the corresponding BeanPostProcessor declaration and its dependencies.
2026-01-05T14:53:37.872+03:00  WARN 80471 --- [booking-service] [           main] trationDelegate$BeanPostProcessorChecker : Bean 'org.springframework.cloud.commons.config.CommonsConfigAutoConfiguration' of type [org.springframework.cloud.commons.config.CommonsConfigAutoConfiguration] is not eligible for getting processed by all BeanPostProcessors (for example: not eligible for auto-proxying). Is this bean getting eagerly injected into a currently created BeanPostProcessor [lbRestClientPostProcessor]? Check the corresponding BeanPostProcessor declaration and its dependencies.
2026-01-05T14:53:37.873+03:00  WARN 80471 --- [booking-service] [           main] trationDelegate$BeanPostProcessorChecker : Bean 'org.springframework.cloud.client.loadbalancer.LoadBalancerDefaultMappingsProviderAutoConfiguration' of type [org.springframework.cloud.client.loadbalancer.LoadBalancerDefaultMappingsProviderAutoConfiguration] is not eligible for getting processed by all BeanPostProcessors (for example: not eligible for auto-proxying). Is this bean getting eagerly injected into a currently created BeanPostProcessor [lbRestClientPostProcessor]? Check the corresponding BeanPostProcessor declaration and its dependencies.
2026-01-05T14:53:37.873+03:00  WARN 80471 --- [booking-service] [           main] trationDelegate$BeanPostProcessorChecker : Bean 'loadBalancerClientsDefaultsMappingsProvider' of type [org.springframework.cloud.client.loadbalancer.LoadBalancerDefaultMappingsProviderAutoConfiguration$$Lambda$615/0x000000a00143cd08] is not eligible for getting processed by all BeanPostProcessors (for example: not eligible for auto-proxying). Is this bean getting eagerly injected into a currently created BeanPostProcessor [lbRestClientPostProcessor]? Check the corresponding BeanPostProcessor declaration and its dependencies.
2026-01-05T14:53:37.874+03:00  WARN 80471 --- [booking-service] [           main] trationDelegate$BeanPostProcessorChecker : Bean 'defaultsBindHandlerAdvisor' of type [org.springframework.cloud.commons.config.DefaultsBindHandlerAdvisor] is not eligible for getting processed by all BeanPostProcessors (for example: not eligible for auto-proxying). Is this bean getting eagerly injected into a currently created BeanPostProcessor [lbRestClientPostProcessor]? Check the corresponding BeanPostProcessor declaration and its dependencies.
2026-01-05T14:53:37.877+03:00  WARN 80471 --- [booking-service] [           main] trationDelegate$BeanPostProcessorChecker : Bean 'spring.cloud.loadbalancer-org.springframework.cloud.client.loadbalancer.LoadBalancerClientsProperties' of type [org.springframework.cloud.client.loadbalancer.LoadBalancerClientsProperties] is not eligible for getting processed by all BeanPostProcessors (for example: not eligible for auto-proxying). Is this bean getting eagerly injected into a currently created BeanPostProcessor [lbRestClientPostProcessor]? Check the corresponding BeanPostProcessor declaration and its dependencies.
2026-01-05T14:53:37.879+03:00  WARN 80471 --- [booking-service] [           main] trationDelegate$BeanPostProcessorChecker : Bean 'default.org.springframework.cloud.loadbalancer.config.LoadBalancerAutoConfiguration.LoadBalancerClientSpecification' of type [org.springframework.cloud.loadbalancer.annotation.LoadBalancerClientSpecification] is not eligible for getting processed by all BeanPostProcessors (for example: not eligible for auto-proxying). Is this bean getting eagerly injected into a currently created BeanPostProcessor [lbRestClientPostProcessor]? Check the corresponding BeanPostProcessor declaration and its dependencies.
2026-01-05T14:53:37.880+03:00  WARN 80471 --- [booking-service] [           main] trationDelegate$BeanPostProcessorChecker : Bean 'default.org.springframework.cloud.loadbalancer.config.BlockingLoadBalancerClientAutoConfiguration.LoadBalancerClientSpecification' of type [org.springframework.cloud.loadbalancer.annotation.LoadBalancerClientSpecification] is not eligible for getting processed by all BeanPostProcessors (for example: not eligible for auto-proxying). Is this bean getting eagerly injected into a currently created BeanPostProcessor [lbRestClientPostProcessor]? Check the corresponding BeanPostProcessor declaration and its dependencies.
2026-01-05T14:53:37.880+03:00  WARN 80471 --- [booking-service] [           main] trationDelegate$BeanPostProcessorChecker : Bean 'default.org.springframework.cloud.netflix.eureka.loadbalancer.LoadBalancerEurekaAutoConfiguration.LoadBalancerClientSpecification' of type [org.springframework.cloud.loadbalancer.annotation.LoadBalancerClientSpecification] is not eligible for getting processed by all BeanPostProcessors (for example: not eligible for auto-proxying). Is this bean getting eagerly injected into a currently created BeanPostProcessor [lbRestClientPostProcessor]? Check the corresponding BeanPostProcessor declaration and its dependencies.
2026-01-05T14:53:37.880+03:00  WARN 80471 --- [booking-service] [           main] trationDelegate$BeanPostProcessorChecker : Bean 'loadBalancerClientFactory' of type [org.springframework.cloud.loadbalancer.support.LoadBalancerClientFactory] is not eligible for getting processed by all BeanPostProcessors (for example: not eligible for auto-proxying). Is this bean getting eagerly injected into a currently created BeanPostProcessor [lbRestClientPostProcessor]? Check the corresponding BeanPostProcessor declaration and its dependencies.
2026-01-05T14:53:37.883+03:00  WARN 80471 --- [booking-service] [           main] trationDelegate$BeanPostProcessorChecker : Bean 'blockingLoadBalancerClient' of type [org.springframework.cloud.loadbalancer.blocking.client.BlockingLoadBalancerClient] is not eligible for getting processed by all BeanPostProcessors (for example: not eligible for auto-proxying). Is this bean getting eagerly injected into a currently created BeanPostProcessor [lbRestClientPostProcessor]? Check the corresponding BeanPostProcessor declaration and its dependencies.
2026-01-05T14:53:37.886+03:00  WARN 80471 --- [booking-service] [           main] trationDelegate$BeanPostProcessorChecker : Bean 'loadBalancerServiceInstanceCookieTransformer' of type [org.springframework.cloud.loadbalancer.core.LoadBalancerServiceInstanceCookieTransformer] is not eligible for getting processed by all BeanPostProcessors (for example: not eligible for auto-proxying). Is this bean getting eagerly injected into a currently created BeanPostProcessor [lbRestClientPostProcessor]? Check the corresponding BeanPostProcessor declaration and its dependencies.
2026-01-05T14:53:37.886+03:00  WARN 80471 --- [booking-service] [           main] trationDelegate$BeanPostProcessorChecker : Bean 'xForwarderHeadersTransformer' of type [org.springframework.cloud.loadbalancer.blocking.XForwardedHeadersTransformer] is not eligible for getting processed by all BeanPostProcessors (for example: not eligible for auto-proxying). Is this bean getting eagerly injected into a currently created BeanPostProcessor [lbRestClientPostProcessor]? Check the corresponding BeanPostProcessor declaration and its dependencies.
2026-01-05T14:53:37.887+03:00  WARN 80471 --- [booking-service] [           main] trationDelegate$BeanPostProcessorChecker : Bean 'org.springframework.cloud.client.loadbalancer.LoadBalancerAutoConfiguration' of type [org.springframework.cloud.client.loadbalancer.LoadBalancerAutoConfiguration] is not eligible for getting processed by all BeanPostProcessors (for example: not eligible for auto-proxying). Is this bean getting eagerly injected into a currently created BeanPostProcessor [lbRestClientPostProcessor]? Check the corresponding BeanPostProcessor declaration and its dependencies.
2026-01-05T14:53:37.888+03:00  WARN 80471 --- [booking-service] [           main] trationDelegate$BeanPostProcessorChecker : Bean 'loadBalancerRequestFactory' of type [org.springframework.cloud.client.loadbalancer.LoadBalancerRequestFactory] is not eligible for getting processed by all BeanPostProcessors (for example: not eligible for auto-proxying). Is this bean getting eagerly injected into a currently created BeanPostProcessor [lbRestClientPostProcessor]? Check the corresponding BeanPostProcessor declaration and its dependencies.
2026-01-05T14:53:37.888+03:00  WARN 80471 --- [booking-service] [           main] trationDelegate$BeanPostProcessorChecker : Bean 'org.springframework.cloud.loadbalancer.config.BlockingLoadBalancerClientAutoConfiguration$BlockingLoadBalancerRetryConfig' of type [org.springframework.cloud.loadbalancer.config.BlockingLoadBalancerClientAutoConfiguration$BlockingLoadBalancerRetryConfig$$SpringCGLIB$$0] is not eligible for getting processed by all BeanPostProcessors (for example: not eligible for auto-proxying). Is this bean getting eagerly injected into a currently created BeanPostProcessor [lbRestClientPostProcessor]? Check the corresponding BeanPostProcessor declaration and its dependencies.
2026-01-05T14:53:37.889+03:00  WARN 80471 --- [booking-service] [           main] trationDelegate$BeanPostProcessorChecker : Bean 'loadBalancedRetryFactory' of type [org.springframework.cloud.loadbalancer.blocking.retry.BlockingLoadBalancedRetryFactory] is not eligible for getting processed by all BeanPostProcessors (for example: not eligible for auto-proxying). Is this bean getting eagerly injected into a currently created BeanPostProcessor [lbRestClientPostProcessor]? Check the corresponding BeanPostProcessor declaration and its dependencies.
2026-01-05T14:53:37.890+03:00  WARN 80471 --- [booking-service] [           main] trationDelegate$BeanPostProcessorChecker : Bean 'loadBalancerInterceptor' of type [org.springframework.cloud.client.loadbalancer.RetryLoadBalancerInterceptor] is not eligible for getting processed by all BeanPostProcessors (for example: not eligible for auto-proxying). Is this bean getting eagerly injected into a currently created BeanPostProcessor [lbRestClientPostProcessor]? Check the corresponding BeanPostProcessor declaration and its dependencies.
2026-01-05T14:53:37.997+03:00  INFO 80471 --- [booking-service] [           main] o.s.b.w.embedded.tomcat.TomcatWebServer  : Tomcat initialized with port 8083 (http)
2026-01-05T14:53:38.001+03:00  INFO 80471 --- [booking-service] [           main] o.apache.catalina.core.StandardService   : Starting service [Tomcat]
2026-01-05T14:53:38.001+03:00  INFO 80471 --- [booking-service] [           main] o.apache.catalina.core.StandardEngine    : Starting Servlet engine: [Apache Tomcat/10.1.16]
2026-01-05T14:53:38.028+03:00  INFO 80471 --- [booking-service] [           main] o.a.c.c.C.[Tomcat].[localhost].[/]       : Initializing Spring embedded WebApplicationContext
2026-01-05T14:53:38.028+03:00  INFO 80471 --- [booking-service] [           main] w.s.c.ServletWebServerApplicationContext : Root WebApplicationContext: initialization completed in 745 ms
2026-01-05T14:53:38.101+03:00  INFO 80471 --- [booking-service] [           main] o.hibernate.jpa.internal.util.LogHelper  : HHH000204: Processing PersistenceUnitInfo [name: default]
2026-01-05T14:53:38.120+03:00  INFO 80471 --- [booking-service] [           main] org.hibernate.Version                    : HHH000412: Hibernate ORM core version 6.3.1.Final
2026-01-05T14:53:38.135+03:00  INFO 80471 --- [booking-service] [           main] o.h.c.internal.RegionFactoryInitiator    : HHH000026: Second-level cache disabled
2026-01-05T14:53:38.221+03:00  INFO 80471 --- [booking-service] [           main] o.s.o.j.p.SpringPersistenceUnitInfo      : No LoadTimeWeaver setup: ignoring JPA class transformer
2026-01-05T14:53:38.230+03:00  INFO 80471 --- [booking-service] [           main] com.zaxxer.hikari.HikariDataSource       : HikariPool-1 - Starting...
2026-01-05T14:53:38.309+03:00  INFO 80471 --- [booking-service] [           main] com.zaxxer.hikari.pool.HikariPool        : HikariPool-1 - Added connection conn0: url=jdbc:h2:mem:bookingdb user=SA
2026-01-05T14:53:38.310+03:00  INFO 80471 --- [booking-service] [           main] com.zaxxer.hikari.HikariDataSource       : HikariPool-1 - Start completed.
2026-01-05T14:53:38.320+03:00  WARN 80471 --- [booking-service] [           main] org.hibernate.orm.deprecation            : HHH90000025: H2Dialect does not need to be specified explicitly using 'hibernate.dialect' (remove the property setting and it will be selected by default)
2026-01-05T14:53:38.647+03:00  INFO 80471 --- [booking-service] [           main] o.h.e.t.j.p.i.JtaPlatformInitiator       : HHH000489: No JTA platform available (set 'hibernate.transaction.jta.platform' to enable JTA platform integration)
Hibernate: create table bookings (id bigint generated by default as identity, booking_date timestamp(6) not null, event_id varchar(255) not null, status varchar(255) not null check (status in ('PENDING','CONFIRMED','CANCELLED')), user_id bigint not null, primary key (id))
2026-01-05T14:53:38.673+03:00  INFO 80471 --- [booking-service] [           main] j.LocalContainerEntityManagerFactoryBean : Initialized JPA EntityManagerFactory for persistence unit 'default'
2026-01-05T14:53:38.984+03:00  WARN 80471 --- [booking-service] [           main] JpaBaseConfiguration$JpaWebConfiguration : spring.jpa.open-in-view is enabled by default. Therefore, database queries may be performed during view rendering. Explicitly configure spring.jpa.open-in-view to disable this warning
2026-01-05T14:53:39.353+03:00  INFO 80471 --- [booking-service] [           main] o.s.s.web.DefaultSecurityFilterChain     : Will secure any request with [org.springframework.security.web.session.DisableEncodeUrlFilter@7d018c58, org.springframework.security.web.context.request.async.WebAsyncManagerIntegrationFilter@6a2b6031, org.springframework.security.web.context.SecurityContextHolderFilter@40477d52, org.springframework.security.web.header.HeaderWriterFilter@59e67a18, org.springframework.web.filter.CorsFilter@2e4262d2, org.springframework.security.web.authentication.logout.LogoutFilter@66e44f9f, org.springframework.security.web.authentication.www.BasicAuthenticationFilter@5889e697, org.springframework.security.web.savedrequest.RequestCacheAwareFilter@59b43e35, org.springframework.security.web.servletapi.SecurityContextHolderAwareRequestFilter@66297b63, org.springframework.security.web.authentication.AnonymousAuthenticationFilter@546ca9da, org.springframework.security.web.access.ExceptionTranslationFilter@70a3b, org.springframework.security.web.access.intercept.AuthorizationFilter@1fa8a4f7]
2026-01-05T14:53:39.521+03:00  INFO 80471 --- [booking-service] [           main] DiscoveryClientOptionalArgsConfiguration : Eureka HTTP Client uses RestTemplate.
2026-01-05T14:53:39.544+03:00  WARN 80471 --- [booking-service] [           main] iguration$LoadBalancerCaffeineWarnLogger : Spring Cloud LoadBalancer is currently working with the default cache. While this cache implementation is useful for development and tests, it's recommended to use Caffeine cache in production.You can switch to using Caffeine cache, by adding it and org.springframework.cache.caffeine.CaffeineCacheManager to the classpath.
2026-01-05T14:53:39.566+03:00  INFO 80471 --- [booking-service] [           main] o.s.c.n.eureka.InstanceInfoFactory       : Setting initial instance status as: STARTING
2026-01-05T14:53:39.596+03:00  INFO 80471 --- [booking-service] [           main] com.netflix.discovery.DiscoveryClient    : Initializing Eureka in region us-east-1
2026-01-05T14:53:39.598+03:00  INFO 80471 --- [booking-service] [           main] c.n.d.s.r.aws.ConfigClusterResolver      : Resolving eureka endpoints via configuration
2026-01-05T14:53:39.607+03:00  INFO 80471 --- [booking-service] [           main] com.netflix.discovery.DiscoveryClient    : Disable delta property : false
2026-01-05T14:53:39.607+03:00  INFO 80471 --- [booking-service] [           main] com.netflix.discovery.DiscoveryClient    : Single vip registry refresh property : null
2026-01-05T14:53:39.607+03:00  INFO 80471 --- [booking-service] [           main] com.netflix.discovery.DiscoveryClient    : Force full registry fetch : false
2026-01-05T14:53:39.607+03:00  INFO 80471 --- [booking-service] [           main] com.netflix.discovery.DiscoveryClient    : Application is null : false
2026-01-05T14:53:39.607+03:00  INFO 80471 --- [booking-service] [           main] com.netflix.discovery.DiscoveryClient    : Registered Applications size is zero : true
2026-01-05T14:53:39.607+03:00  INFO 80471 --- [booking-service] [           main] com.netflix.discovery.DiscoveryClient    : Application version is -1: true
2026-01-05T14:53:39.607+03:00  INFO 80471 --- [booking-service] [           main] com.netflix.discovery.DiscoveryClient    : Getting all instance registry info from the eureka server
2026-01-05T14:53:39.723+03:00  INFO 80471 --- [booking-service] [           main] com.netflix.discovery.DiscoveryClient    : The response status is 200
2026-01-05T14:53:39.724+03:00  INFO 80471 --- [booking-service] [           main] com.netflix.discovery.DiscoveryClient    : Starting heartbeat executor: renew interval is: 30
2026-01-05T14:53:39.726+03:00  INFO 80471 --- [booking-service] [           main] c.n.discovery.InstanceInfoReplicator     : InstanceInfoReplicator onDemand update allowed rate per min is 4
2026-01-05T14:53:39.728+03:00  INFO 80471 --- [booking-service] [           main] com.netflix.discovery.DiscoveryClient    : Discovery Client initialized at timestamp 1767614019728 with initial instances count: 7
2026-01-05T14:53:39.731+03:00  INFO 80471 --- [booking-service] [           main] o.s.c.n.e.s.EurekaServiceRegistry        : Registering application BOOKING-SERVICE with eureka with status UP
2026-01-05T14:53:39.732+03:00  INFO 80471 --- [booking-service] [           main] com.netflix.discovery.DiscoveryClient    : Saw local status change event StatusChangeEvent [timestamp=1767614019732, current=UP, previous=STARTING]
2026-01-05T14:53:39.733+03:00  INFO 80471 --- [booking-service] [nfoReplicator-0] com.netflix.discovery.DiscoveryClient    : DiscoveryClient_BOOKING-SERVICE/192.168.1.45:booking-service:8083: registering service...
2026-01-05T14:53:39.738+03:00  INFO 80471 --- [booking-service] [           main] o.s.c.n.e.s.EurekaServiceRegistry        : Unregistering application BOOKING-SERVICE with eureka with status DOWN
2026-01-05T14:53:39.739+03:00  INFO 80471 --- [booking-service] [           main] com.netflix.discovery.DiscoveryClient    : Saw local status change event StatusChangeEvent [timestamp=1767614019739, current=DOWN, previous=UP]
2026-01-05T14:53:39.739+03:00  WARN 80471 --- [booking-service] [           main] ConfigServletWebServerApplicationContext : Exception encountered during context initialization - cancelling refresh attempt: org.springframework.context.ApplicationContextException: Failed to start bean 'webServerStartStop'
2026-01-05T14:53:39.741+03:00  INFO 80471 --- [booking-service] [           main] j.LocalContainerEntityManagerFactoryBean : Closing JPA EntityManagerFactory for persistence unit 'default'
2026-01-05T14:53:39.743+03:00  INFO 80471 --- [booking-service] [           main] com.zaxxer.hikari.HikariDataSource       : HikariPool-1 - Shutdown initiated...
2026-01-05T14:53:39.743+03:00  INFO 80471 --- [booking-service] [           main] com.zaxxer.hikari.HikariDataSource       : HikariPool-1 - Shutdown completed.
2026-01-05T14:53:39.744+03:00  INFO 80471 --- [booking-service] [           main] com.netflix.discovery.DiscoveryClient    : Shutting down DiscoveryClient ...
2026-01-05T14:53:39.751+03:00  INFO 80471 --- [booking-service] [nfoReplicator-0] com.netflix.discovery.DiscoveryClient    : DiscoveryClient_BOOKING-SERVICE/192.168.1.45:booking-service:8083 - registration status: 204
2026-01-05T14:53:39.751+03:00  INFO 80471 --- [booking-service] [nfoReplicator-0] com.netflix.discovery.DiscoveryClient    : DiscoveryClient_BOOKING-SERVICE/192.168.1.45:booking-service:8083: registering service...
2026-01-05T14:53:39.753+03:00  INFO 80471 --- [booking-service] [nfoReplicator-0] com.netflix.discovery.DiscoveryClient    : DiscoveryClient_BOOKING-SERVICE/192.168.1.45:booking-service:8083 - registration status: 204
2026-01-05T14:53:39.754+03:00  INFO 80471 --- [booking-service] [           main] com.netflix.discovery.DiscoveryClient    : Unregistering ...
2026-01-05T14:53:39.756+03:00  INFO 80471 --- [booking-service] [           main] com.netflix.discovery.DiscoveryClient    : DiscoveryClient_BOOKING-SERVICE/192.168.1.45:booking-service:8083 - deregister  status: 200
2026-01-05T14:53:39.758+03:00  INFO 80471 --- [booking-service] [           main] com.netflix.discovery.DiscoveryClient    : Completed shut down of DiscoveryClient
2026-01-05T14:53:39.766+03:00  INFO 80471 --- [booking-service] [           main] .s.b.a.l.ConditionEvaluationReportLogger : 

Error starting ApplicationContext. To display the condition evaluation report re-run your application with 'debug' enabled.
2026-01-05T14:53:39.772+03:00 ERROR 80471 --- [booking-service] [           main] o.s.b.d.LoggingFailureAnalysisReporter   : 

***************************
APPLICATION FAILED TO START
***************************

Description:

Web server failed to start. Port 8083 was already in use.

Action:

Identify and stop the process that's listening on port 8083 or configure this application to listen on another port.

[INFO] ------------------------------------------------------------------------
[INFO] BUILD FAILURE
[INFO] ------------------------------------------------------------------------
[INFO] Total time:  5.391 s
[INFO] Finished at: 2026-01-05T14:53:39+03:00
[INFO] ------------------------------------------------------------------------
[ERROR] Failed to execute goal org.springframework.boot:spring-boot-maven-plugin:3.2.0:run (default-cli) on project booking-service: Process terminated with exit code: 1 -> [Help 1]
[ERROR] 
[ERROR] To see the full stack trace of the errors, re-run Maven with the -e switch.
[ERROR] Re-run Maven using the -X switch to enable full debug logging.
[ERROR] 
[ERROR] For more information about the errors and possible solutions, please read the following articles:
[ERROR] [Help 1] http://cwiki.apache.org/confluence/display/MAVEN/MojoExecutionException
